app/(auth)/login.tsx(33,21): error TS2345: Argument of type '"/auth/signup"' is not assignable to parameter of type 'RelativePathString | ExternalPathString | "/create" | `/create?${string}` | `/create#${string}` | "/_sitemap" | `/_sitemap?${string}` | `/_sitemap#${string}` | "/(auth)/login" | ... 66 more ... | { ...; }'.
app/(tabs)/profile.tsx(57,24): error TS2345: Argument of type '"/auth/login"' is not assignable to parameter of type 'RelativePathString | ExternalPathString | "/create" | `/create?${string}` | `/create#${string}` | "/_sitemap" | `/_sitemap?${string}` | `/_sitemap#${string}` | "/(auth)/login" | ... 66 more ... | { ...; }'.
services/feedRanker.service.ts(70,5): error TS2365: Operator '+=' cannot be applied to types 'number' and 'Promise<number>'.
